I'm sorry, but errors were detected in your script. Please correct the
errors listed below, and try again.


File "game/script.rpy", line 164: Indentation mismatch.

Ren'Py Version: Ren'Py 8.2.0.24012702
Sat Feb 17 02:21:37 2024
